#-----------------------------------------------------------
# Vivado v2024.2 (64-bit)
# SW Build 5239630 on Fri Nov 08 22:35:27 MST 2024
# IP Build 5239520 on Sun Nov 10 16:12:51 MST 2024
# SharedData Build 5239561 on Fri Nov 08 14:39:27 MST 2024
# Start of session at: Thu Aug  7 18:38:12 2025
# Process ID         : 73460
# Current directory  : D:/Code/GLITCH-Software/FPGA/Reboot_test/Reboot_test.runs/impl_1
# Command line       : vivado.exe -log reboot_test_block_wrapper.vdi -applog -product Vivado -messageDb vivado.pb -mode batch -source reboot_test_block_wrapper.tcl -notrace
# Log file           : D:/Code/GLITCH-Software/FPGA/Reboot_test/Reboot_test.runs/impl_1/reboot_test_block_wrapper.vdi
# Journal file       : D:/Code/GLITCH-Software/FPGA/Reboot_test/Reboot_test.runs/impl_1\vivado.jou
# Running On         : DESKTOP-TTFS3R7
# Platform           : Windows Server 2016 or Windows 10
# Operating System   : 19045
# Processor Detail   : Intel(R) Core(TM) i5-7600K CPU @ 3.80GHz
# CPU Frequency      : 3792 MHz
# CPU Physical cores : 4
# CPU Logical cores  : 4
# Host memory        : 17142 MB
# Swap memory        : 19122 MB
# Total Virtual      : 36264 MB
# Available Virtual  : 7295 MB
#-----------------------------------------------------------
source reboot_test_block_wrapper.tcl -notrace
