#-----------------------------------------------------------
# Vivado v2024.2 (64-bit)
# SW Build 5239630 on Fri Nov 08 22:35:27 MST 2024
# IP Build 5239520 on Sun Nov 10 16:12:51 MST 2024
# SharedData Build 5239561 on Fri Nov 08 14:39:27 MST 2024
# Start of session at: Tue Aug 12 17:49:00 2025
# Process ID         : 9344
# Current directory  : C:/Users/rjaco/Documents/Skolgrejs/FPGA_testing/SPI/SD_Test/SD_Test.runs/impl_1
# Command line       : vivado.exe -log SD_init_test_wrapper.vdi -applog -product Vivado -messageDb vivado.pb -mode batch -source SD_init_test_wrapper.tcl -notrace
# Log file           : C:/Users/rjaco/Documents/Skolgrejs/FPGA_testing/SPI/SD_Test/SD_Test.runs/impl_1/SD_init_test_wrapper.vdi
# Journal file       : C:/Users/rjaco/Documents/Skolgrejs/FPGA_testing/SPI/SD_Test/SD_Test.runs/impl_1\vivado.jou
# Running On         : LAPTOP-FQ2KK7JS
# Platform           : Windows Server 2016 or Windows 10
# Operating System   : 19045
# Processor Detail   : Intel(R) Core(TM) i3-5005U CPU @ 2.00GHz
# CPU Frequency      : 1995 MHz
# CPU Physical cores : 2
# CPU Logical cores  : 4
# Host memory        : 8499 MB
# Swap memory        : 5816 MB
# Total Virtual      : 14316 MB
# Available Virtual  : 4875 MB
#-----------------------------------------------------------
source SD_init_test_wrapper.tcl -notrace
