#-----------------------------------------------------------
# Vivado v2024.2 (64-bit)
# SW Build 5239630 on Fri Nov 08 22:35:27 MST 2024
# IP Build 5239520 on Sun Nov 10 16:12:51 MST 2024
# SharedData Build 5239561 on Fri Nov 08 14:39:27 MST 2024
# Start of session at: Tue Aug 12 19:04:50 2025
# Process ID         : 2240
# Current directory  : C:/Users/rjaco/Documents/Skolgrejs/FPGA_testing/SPI/SD_Test/SD_Test.runs/SD_init_test_SD_init_0_1_synth_1
# Command line       : vivado.exe -log SD_init_test_SD_init_0_1.vds -product Vivado -mode batch -messageDb vivado.pb -notrace -source SD_init_test_SD_init_0_1.tcl
# Log file           : C:/Users/rjaco/Documents/Skolgrejs/FPGA_testing/SPI/SD_Test/SD_Test.runs/SD_init_test_SD_init_0_1_synth_1/SD_init_test_SD_init_0_1.vds
# Journal file       : C:/Users/rjaco/Documents/Skolgrejs/FPGA_testing/SPI/SD_Test/SD_Test.runs/SD_init_test_SD_init_0_1_synth_1\vivado.jou
# Running On         : LAPTOP-FQ2KK7JS
# Platform           : Windows Server 2016 or Windows 10
# Operating System   : 19045
# Processor Detail   : Intel(R) Core(TM) i3-5005U CPU @ 2.00GHz
# CPU Frequency      : 1995 MHz
# CPU Physical cores : 2
# CPU Logical cores  : 4
# Host memory        : 8499 MB
# Swap memory        : 5816 MB
# Total Virtual      : 14316 MB
# Available Virtual  : 4414 MB
#-----------------------------------------------------------
source SD_init_test_SD_init_0_1.tcl -notrace
