#-----------------------------------------------------------
# Vivado v2024.2 (64-bit)
# SW Build 5239630 on Fri Nov 08 22:35:27 MST 2024
# IP Build 5239520 on Sun Nov 10 16:12:51 MST 2024
# SharedData Build 5239561 on Fri Nov 08 14:39:27 MST 2024
# Start of session at: Wed Apr  2 14:26:42 2025
# Process ID         : 27452
# Current directory  : C:/Users/Sebastian Magnusson/Documents/GitHub/GLITCH-Software/FPGA/UART/UART_Continuation/UART_Continuation.runs/impl_1
# Command line       : vivado.exe -log Block_Test_wrapper.vdi -applog -product Vivado -messageDb vivado.pb -mode batch -source Block_Test_wrapper.tcl -notrace
# Log file           : C:/Users/Sebastian Magnusson/Documents/GitHub/GLITCH-Software/FPGA/UART/UART_Continuation/UART_Continuation.runs/impl_1/Block_Test_wrapper.vdi
# Journal file       : C:/Users/Sebastian Magnusson/Documents/GitHub/GLITCH-Software/FPGA/UART/UART_Continuation/UART_Continuation.runs/impl_1\vivado.jou
# Running On         : LAPTOP-1SQM85NC
# Platform           : Windows Server 2016 or Windows 10
# Operating System   : 26100
# Processor Detail   : 11th Gen Intel(R) Core(TM) i5-1135G7 @ 2.40GHz
# CPU Frequency      : 2419 MHz
# CPU Physical cores : 4
# CPU Logical cores  : 8
# Host memory        : 16861 MB
# Swap memory        : 24696 MB
# Total Virtual      : 41557 MB
# Available Virtual  : 20964 MB
#-----------------------------------------------------------
source Block_Test_wrapper.tcl -notrace
