Copyright 1986-2022 Xilinx, Inc. All Rights Reserved. Copyright 2022-2024 Advanced Micro Devices, Inc. All Rights Reserved.
---------------------------------------------------------------------------------------------------------------------------------------------
| Tool Version : Vivado v.2024.2 (win64) Build 5239630 Fri Nov 08 22:35:27 MST 2024
| Date         : Sat Aug 23 17:21:31 2025
| Host         : DESKTOP-TTFS3R7 running 64-bit major release  (build 9200)
| Command      : report_control_sets -verbose -file I2C_RTC_test_wrapper_control_sets_placed.rpt
| Design       : I2C_RTC_test_wrapper
| Device       : xc7a35t
---------------------------------------------------------------------------------------------------------------------------------------------

Control Set Information

Table of Contents
-----------------
1. Summary
2. Histogram
3. Flip-Flop Distribution
4. Detailed Control Set Information

1. Summary
----------

+----------------------------------------------------------+-------+
|                          Status                          | Count |
+----------------------------------------------------------+-------+
| Total control sets                                       |    14 |
|    Minimum number of control sets                        |    14 |
|    Addition due to synthesis replication                 |     0 |
|    Addition due to physical synthesis replication        |     0 |
| Unused register locations in slices containing registers |    25 |
+----------------------------------------------------------+-------+
* Control sets can be merged at opt_design using control_set_merge or merge_equivalent_drivers
** Run report_qor_suggestions for automated merging and remapping suggestions


2. Histogram
------------

+--------------------+-------+
|       Fanout       | Count |
+--------------------+-------+
| Total control sets |    14 |
| >= 0 to < 4        |     0 |
| >= 4 to < 6        |     1 |
| >= 6 to < 8        |     2 |
| >= 8 to < 10       |     8 |
| >= 10 to < 12      |     0 |
| >= 12 to < 14      |     1 |
| >= 14 to < 16      |     0 |
| >= 16              |     2 |
+--------------------+-------+
* Control sets can be remapped at either synth_design or opt_design


3. Flip-Flop Distribution
-------------------------

+--------------+-----------------------+------------------------+-----------------+--------------+
| Clock Enable | Synchronous Set/Reset | Asynchronous Set/Reset | Total Registers | Total Slices |
+--------------+-----------------------+------------------------+-----------------+--------------+
| No           | No                    | No                     |              21 |            9 |
| No           | No                    | Yes                    |              12 |            7 |
| No           | Yes                   | No                     |               7 |            3 |
| Yes          | No                    | No                     |              20 |            7 |
| Yes          | No                    | Yes                    |              17 |            6 |
| Yes          | Yes                   | No                     |              58 |           17 |
+--------------+-----------------------+------------------------+-----------------+--------------+


4. Detailed Control Set Information
-----------------------------------

+-------------------+-------------------------------------------------+---------------------------------------------+------------------+----------------+--------------+
|    Clock Signal   |                  Enable Signal                  |               Set/Reset Signal              | Slice Load Count | Bel Load Count | Bels / Slice |
+-------------------+-------------------------------------------------+---------------------------------------------+------------------+----------------+--------------+
|  sysclk_IBUF_BUFG | I2C_RTC_test_i/I2Cmod_0/U0/addr_rw0             |                                             |                1 |              4 |         4.00 |
|  sysclk_IBUF_BUFG |                                                 | btn0_IBUF                                   |                3 |              7 |         2.33 |
|  sysclk_IBUF_BUFG | I2C_RTC_test_i/UART_TXmod_0/U0/r_Clk_Count_1    | I2C_RTC_test_i/UART_TXmod_0/U0/r_Clk_Count0 |                2 |              7 |         3.50 |
|  sysclk_IBUF_BUFG | I2C_RTC_test_i/I2C_RTC_0/U0/RTC_data[7]_i_1_n_0 |                                             |                3 |              8 |         2.67 |
|  sysclk_IBUF_BUFG | I2C_RTC_test_i/I2C_RTC_0/U0/RTC_data_i[63]      | btn0_IBUF                                   |                2 |              8 |         4.00 |
|  sysclk_IBUF_BUFG | I2C_RTC_test_i/I2C_RTC_0/U0/RTC_data_i[39]      | btn0_IBUF                                   |                3 |              8 |         2.67 |
|  sysclk_IBUF_BUFG | I2C_RTC_test_i/I2C_RTC_0/U0/RTC_data_i[55]      | btn0_IBUF                                   |                1 |              8 |         8.00 |
|  sysclk_IBUF_BUFG | I2C_RTC_test_i/I2C_RTC_0/U0/RTC_data_i[47]      | btn0_IBUF                                   |                1 |              8 |         8.00 |
|  sysclk_IBUF_BUFG | I2C_RTC_test_i/I2Cmod_0/U0/data_rd[7]_i_1_n_0   | I2C_RTC_test_i/I2Cmod_0/U0/busy_i_2_n_0     |                2 |              8 |         4.00 |
|  sysclk_IBUF_BUFG | I2C_RTC_test_i/UART_TXmod_0/U0/r_TX_Data_0      |                                             |                3 |              8 |         2.67 |
|  sysclk_IBUF_BUFG | I2C_RTC_test_i/I2Cmod_0/U0/busy1                | I2C_RTC_test_i/I2Cmod_0/U0/busy_i_2_n_0     |                4 |              9 |         2.25 |
|  sysclk_IBUF_BUFG |                                                 | I2C_RTC_test_i/I2Cmod_0/U0/busy_i_2_n_0     |                7 |             12 |         1.71 |
|  sysclk_IBUF_BUFG | I2C_RTC_test_i/I2C_RTC_0/U0/state__0[0]         | btn0_IBUF                                   |                8 |             19 |         2.38 |
|  sysclk_IBUF_BUFG |                                                 |                                             |                9 |             21 |         2.33 |
+-------------------+-------------------------------------------------+---------------------------------------------+------------------+----------------+--------------+


